Men are naturally better at math and engineering, while women are naturally more nurturing and emotional.
